Analyzing muslim...                                             

   info - Use 'const' with the constructor to improve performance - lib\all_missions_screen.dart:224:31 - prefer_const_constructors
   info - Use 'const' with the constructor to improve performance - lib\all_missions_screen.dart:445:33 - prefer_const_constructors
   info - Use 'const' with the constructor to improve performance - lib\circle_screen.dart:38:29 - prefer_const_constructors
   info - Use 'const' with the constructor to improve performance - lib\circle_screen.dart:55:11 - prefer_const_constructors
   info - Use 'const' with the constructor to improve performance - lib\circle_screen.dart:57:20 - prefer_const_constructors
   info - Use 'const' with the constructor to improve performance - lib\circle_screen.dart:59:22 - prefer_const_constructors
   info - Use 'const' literals as arguments to constructors of '@immutable' classes - lib\circle_screen.dart:61:27 - prefer_const_literals_to_create_immutables
   info - The declaration '_SearchBar' isn't referenced - lib\circle_screen.dart:216:7 - unused_element
   info - Use 'const' with the constructor to improve performance - lib\circle_screen.dart:341:12 - prefer_const_constructors
   info - Use 'const' with the constructor to improve performance - lib\circle_screen.dart:344:14 - prefer_const_constructors
   info - Use 'const' with the constructor to improve performance - lib\circle_screen.dart:525:12 - prefer_const_constructors
   info - Use 'const' with the constructor to improve performance - lib\circle_screen.dart:598:35 - prefer_const_constructors
   info - Use 'const' with the constructor to improve performance - lib\home_screen.dart:140:9 - prefer_const_constructors
   info - Use 'const' literals as arguments to constructors of '@immutable' classes - lib\home_screen.dart:141:21 - prefer_const_literals_to_create_immutables
   info - Use 'const' with the constructor to improve performance - lib\home_screen.dart:142:13 - prefer_const_constructors
   info - Use 'const' with the constructor to improve performance - lib\home_screen.dart:144:13 - prefer_const_constructors
   info - Use 'const' with the constructor to improve performance - lib\home_screen.dart:314:15 - prefer_const_constructors
   info - Use 'const' with the constructor to improve performance - lib\home_screen.dart:319:15 - prefer_const_constructors
   info - Use 'const' with the constructor to improve performance - lib\home_screen.dart:324:15 - prefer_const_constructors
   info - Use 'const' with the constructor to improve performance - lib\home_screen.dart:560:12 - prefer_const_constructors
   info - Use 'const' literals as arguments to constructors of '@immutable' classes - lib\home_screen.dart:561:17 - prefer_const_literals_to_create_immutables
   info - Use 'const' with the constructor to improve performance - lib\home_screen.dart:562:9 - prefer_const_constructors
   info - Use 'const' with the constructor to improve performance - lib\home_screen.dart:570:9 - prefer_const_constructors
   info - Use 'const' with the constructor to improve performance - lib\home_screen.dart:578:9 - prefer_const_constructors
   info - Use 'const' with the constructor to improve performance - lib\quest_screen.dart:11:12 - prefer_const_constructors
   info - Use 'const' with the constructor to improve performance - lib\quest_screen.dart:14:13 - prefer_const_constructors
   info - Use 'const' literals as arguments to constructors of '@immutable' classes - lib\quest_screen.dart:15:19 - prefer_const_literals_to_create_immutables
   info - Use 'const' with the constructor to improve performance - lib\quest_screen.dart:23:11 - prefer_const_constructors
   info - Use 'const' with the constructor to improve performance - lib\quest_screen.dart:25:20 - prefer_const_constructors
   info - Use 'const' with the constructor to improve performance - lib\quest_screen.dart:27:22 - prefer_const_constructors
   info - Use 'const' literals as arguments to constructors of '@immutable' classes - lib\quest_screen.dart:28:27 - prefer_const_literals_to_create_immutables
   info - Use 'const' with the constructor to improve performance - lib\quest_screen.dart:34:19 - prefer_const_constructors
   info - Use 'const' with the constructor to improve performance - lib\quest_screen.dart:36:28 - prefer_const_constructors
   info - Use 'const' literals as arguments to constructors of '@immutable' classes - lib\quest_screen.dart:37:33 - prefer_const_literals_to_create_immutables
   info - Use 'const' with the constructor to improve performance - lib\quest_screen.dart:395:19 - prefer_const_constructors
   info - Use 'const' literals as arguments to constructors of '@immutable' classes - lib\quest_screen.dart:396:19 - prefer_const_literals_to_create_immutables
warning - Unused import: 'package:google_fonts/google_fonts.dart' - lib\widgets\buttom_navbar.dart:2:8 - unused_import
  error - Expected to find ')' - lib\widgets\buttom_navbar.dart:70:6 - expected_token

